// Jest Snapshot v1, https://goo.gl/fbAQLP

exports[`matches snapshot 1`] = `
<DocumentFragment>
  <div>
    <h1>
      Todo List
    </h1>
    <div>
      <ul>
        <li
          id="1"
        >
          Water the plants 
          <button
            data-testid="1"
          >
            X
          </button>
        </li>
      </ul>
    </div>
    <div>
      <ul>
        <li
          id="2"
        >
          Feed the dog 
          <button
            data-testid="2"
          >
            X
          </button>
        </li>
      </ul>
    </div>
    <div>
      <h2>
        New Todo Form
      </h2>
      <form
        class="newTodoForm"
      >
        <input
          id="newTodo-input"
          name="newTodo-input"
          placeholder="New Todo"
          type="text"
          value=""
        />
        <button>
          Submit!
        </button>
      </form>
    </div>
  </div>
</DocumentFragment>
`;
